I'm sorry, but errors were detected in your script. Please correct the
errors listed below, and try again.


File "game/script.rpy", line 26: invalid syntax
    Character '???', color="#8B4513")
                   ^

Ren'Py Version: Ren'Py 6.99.6.739
